Archive member included to satisfy reference by file (symbol)

/usr/lib/gcc/avr/11.2.0/avr5/libgcc.a(_exit.o)
                              /usr/lib/gcc/avr/11.2.0/../../../../avr/lib/avr5/crtatmega32.o (exit)
/usr/lib/gcc/avr/11.2.0/avr5/libgcc.a(_copy_data.o)
                              obj/Release/keypad_4x4.o (__do_copy_data)
/usr/lib/gcc/avr/11.2.0/avr5/libgcc.a(_clear_bss.o)
                              obj/Release/keypad_4x4.o (__do_clear_bss)
/usr/lib/gcc/avr/11.2.0/../../../../avr/lib/avr5/libc.a(fputs.o)
                              obj/Release/uart.o (fputs)
/usr/lib/gcc/avr/11.2.0/../../../../avr/lib/avr5/libc.a(iob.o)
                              obj/Release/keypad_demo.o (__iob)
/usr/lib/gcc/avr/11.2.0/../../../../avr/lib/avr5/libc.a(printf_p.o)
                              obj/Release/keypad_demo.o (printf_P)
/usr/lib/gcc/avr/11.2.0/../../../../avr/lib/avr5/libc.a(vfprintf_std.o)
                              /usr/lib/gcc/avr/11.2.0/../../../../avr/lib/avr5/libc.a(printf_p.o) (vfprintf)
/usr/lib/gcc/avr/11.2.0/../../../../avr/lib/avr5/libc.a(strnlen_P.o)
                              /usr/lib/gcc/avr/11.2.0/../../../../avr/lib/avr5/libc.a(vfprintf_std.o) (strnlen_P)
/usr/lib/gcc/avr/11.2.0/../../../../avr/lib/avr5/libc.a(strnlen.o)
                              /usr/lib/gcc/avr/11.2.0/../../../../avr/lib/avr5/libc.a(vfprintf_std.o) (strnlen)
/usr/lib/gcc/avr/11.2.0/../../../../avr/lib/avr5/libc.a(fputc.o)
                              /usr/lib/gcc/avr/11.2.0/../../../../avr/lib/avr5/libc.a(vfprintf_std.o) (fputc)
/usr/lib/gcc/avr/11.2.0/../../../../avr/lib/avr5/libc.a(ultoa_invert.o)
                              /usr/lib/gcc/avr/11.2.0/../../../../avr/lib/avr5/libc.a(vfprintf_std.o) (__ultoa_invert)
/usr/lib/gcc/avr/11.2.0/avr5/libgcc.a(_prologue.o)
                              /usr/lib/gcc/avr/11.2.0/../../../../avr/lib/avr5/libc.a(printf_p.o) (__prologue_saves__)
/usr/lib/gcc/avr/11.2.0/avr5/libgcc.a(_epilogue.o)
                              /usr/lib/gcc/avr/11.2.0/../../../../avr/lib/avr5/libc.a(fputs.o) (__epilogue_restores__)

Memory Configuration

Name             Origin             Length             Attributes
text             0x0000000000000000 0x0000000000020000 xr
data             0x0000000000800060 0x000000000000ffa0 rw !x
eeprom           0x0000000000810000 0x0000000000010000 rw !x
fuse             0x0000000000820000 0x0000000000000400 rw !x
lock             0x0000000000830000 0x0000000000000400 rw !x
signature        0x0000000000840000 0x0000000000000400 rw !x
user_signatures  0x0000000000850000 0x0000000000000400 rw !x
*default*        0x0000000000000000 0xffffffffffffffff

Linker script and memory map

LOAD /usr/lib/gcc/avr/11.2.0/../../../../avr/lib/avr5/crtatmega32.o
LOAD obj/Release/keypad_4x4.o
LOAD obj/Release/keypad_demo.o
LOAD obj/Release/uart.o
START GROUP
LOAD /usr/lib/gcc/avr/11.2.0/avr5/libgcc.a
LOAD /usr/lib/gcc/avr/11.2.0/../../../../avr/lib/avr5/libm.a
LOAD /usr/lib/gcc/avr/11.2.0/../../../../avr/lib/avr5/libc.a
LOAD /usr/lib/gcc/avr/11.2.0/../../../../avr/lib/avr5/libatmega32.a
END GROUP
                0x0000000000020000                __TEXT_REGION_LENGTH__ = DEFINED (__TEXT_REGION_LENGTH__)?__TEXT_REGION_LENGTH__:0x20000
                0x000000000000ffa0                __DATA_REGION_LENGTH__ = DEFINED (__DATA_REGION_LENGTH__)?__DATA_REGION_LENGTH__:0xffa0
                0x0000000000010000                __EEPROM_REGION_LENGTH__ = DEFINED (__EEPROM_REGION_LENGTH__)?__EEPROM_REGION_LENGTH__:0x10000
                0x0000000000000400                __FUSE_REGION_LENGTH__ = DEFINED (__FUSE_REGION_LENGTH__)?__FUSE_REGION_LENGTH__:0x400
                0x0000000000000400                __LOCK_REGION_LENGTH__ = DEFINED (__LOCK_REGION_LENGTH__)?__LOCK_REGION_LENGTH__:0x400
                0x0000000000000400                __SIGNATURE_REGION_LENGTH__ = DEFINED (__SIGNATURE_REGION_LENGTH__)?__SIGNATURE_REGION_LENGTH__:0x400
                0x0000000000000400                __USER_SIGNATURE_REGION_LENGTH__ = DEFINED (__USER_SIGNATURE_REGION_LENGTH__)?__USER_SIGNATURE_REGION_LENGTH__:0x400

.hash
 *(.hash)

.dynsym
 *(.dynsym)

.dynstr
 *(.dynstr)

.gnu.version
 *(.gnu.version)

.gnu.version_d
 *(.gnu.version_d)

.gnu.version_r
 *(.gnu.version_r)

.rel.init
 *(.rel.init)

.rela.init
 *(.rela.init)

.rel.text
 *(.rel.text)
 *(.rel.text.*)
 *(.rel.gnu.linkonce.t*)

.rela.text
 *(.rela.text)
 *(.rela.text.*)
 *(.rela.gnu.linkonce.t*)

.rel.fini
 *(.rel.fini)

.rela.fini
 *(.rela.fini)

.rel.rodata
 *(.rel.rodata)
 *(.rel.rodata.*)
 *(.rel.gnu.linkonce.r*)

.rela.rodata
 *(.rela.rodata)
 *(.rela.rodata.*)
 *(.rela.gnu.linkonce.r*)

.rel.data
 *(.rel.data)
 *(.rel.data.*)
 *(.rel.gnu.linkonce.d*)

.rela.data
 *(.rela.data)
 *(.rela.data.*)
 *(.rela.gnu.linkonce.d*)

.rel.ctors
 *(.rel.ctors)

.rela.ctors
 *(.rela.ctors)

.rel.dtors
 *(.rel.dtors)

.rela.dtors
 *(.rela.dtors)

.rel.got
 *(.rel.got)

.rela.got
 *(.rela.got)

.rel.bss
 *(.rel.bss)

.rela.bss
 *(.rela.bss)

.rel.plt
 *(.rel.plt)

.rela.plt
 *(.rela.plt)

.text           0x0000000000000000      0xafe
 *(.vectors)
 .vectors       0x0000000000000000       0x54 /usr/lib/gcc/avr/11.2.0/../../../../avr/lib/avr5/crtatmega32.o
                0x0000000000000000                __vectors
                0x0000000000000000                __vector_default
 *(.vectors)
 *(.progmem.gcc*)
                0x0000000000000054                . = ALIGN (0x2)
                0x0000000000000054                __trampolines_start = .
 *(.trampolines)
 .trampolines   0x0000000000000054        0x0 linker stubs
 *(.trampolines*)
                0x0000000000000054                __trampolines_end = .
 *libprintf_flt.a:*(.progmem.data)
 *libc.a:*(.progmem.data)
 *(.progmem.*)
 .progmem.data  0x0000000000000054       0x10 obj/Release/keypad_4x4.o
                0x0000000000000054                keypad_font
 .progmem.data  0x0000000000000064       0x1c obj/Release/keypad_demo.o
                0x0000000000000080                . = ALIGN (0x2)
 *(.lowtext)
 *(.lowtext*)
                0x0000000000000080                __ctors_start = .
 *(.ctors)
                0x0000000000000080                __ctors_end = .
                0x0000000000000080                __dtors_start = .
 *(.dtors)
                0x0000000000000080                __dtors_end = .
 SORT_BY_NAME(*)(.ctors)
 SORT_BY_NAME(*)(.dtors)
 *(.init0)
 .init0         0x0000000000000080        0x0 /usr/lib/gcc/avr/11.2.0/../../../../avr/lib/avr5/crtatmega32.o
                0x0000000000000080                __init
 *(.init0)
 *(.init1)
 *(.init1)
 *(.init2)
 .init2         0x0000000000000080        0xc /usr/lib/gcc/avr/11.2.0/../../../../avr/lib/avr5/crtatmega32.o
 *(.init2)
 *(.init3)
 *(.init3)
 *(.init4)
 .init4         0x000000000000008c       0x16 /usr/lib/gcc/avr/11.2.0/avr5/libgcc.a(_copy_data.o)
                0x000000000000008c                __do_copy_data
 .init4         0x00000000000000a2       0x10 /usr/lib/gcc/avr/11.2.0/avr5/libgcc.a(_clear_bss.o)
                0x00000000000000a2                __do_clear_bss
 *(.init4)
 *(.init5)
 *(.init5)
 *(.init6)
 *(.init6)
 *(.init7)
 *(.init7)
 *(.init8)
 *(.init8)
 *(.init9)
 .init9         0x00000000000000b2        0x8 /usr/lib/gcc/avr/11.2.0/../../../../avr/lib/avr5/crtatmega32.o
 *(.init9)
 *(.text)
 .text          0x00000000000000ba        0x4 /usr/lib/gcc/avr/11.2.0/../../../../avr/lib/avr5/crtatmega32.o
                0x00000000000000ba                __vector_1
                0x00000000000000ba                __vector_12
                0x00000000000000ba                __bad_interrupt
                0x00000000000000ba                __vector_6
                0x00000000000000ba                __vector_3
                0x00000000000000ba                __vector_11
                0x00000000000000ba                __vector_13
                0x00000000000000ba                __vector_17
                0x00000000000000ba                __vector_19
                0x00000000000000ba                __vector_7
                0x00000000000000ba                __vector_5
                0x00000000000000ba                __vector_4
                0x00000000000000ba                __vector_9
                0x00000000000000ba                __vector_2
                0x00000000000000ba                __vector_15
                0x00000000000000ba                __vector_8
                0x00000000000000ba                __vector_14
                0x00000000000000ba                __vector_16
                0x00000000000000ba                __vector_18
                0x00000000000000ba                __vector_20
 .text          0x00000000000000be      0x168 obj/Release/keypad_4x4.o
                0x00000000000000be                keypad_init
                0x00000000000000d2                keypad_isNewKeyAvailable
                0x00000000000000d8                keypad_translateKey
                0x00000000000000e4                keypad_getKey
                0x00000000000000fa                keypad_getc
                0x0000000000000112                keypad_read
                0x0000000000000188                keypad_debounce
 .text          0x0000000000000226       0x5e obj/Release/keypad_demo.o
                0x0000000000000226                invoke_sleep
                0x000000000000023c                __vector_10
 .text          0x0000000000000284      0x212 obj/Release/uart.o
                0x0000000000000284                uart_init
                0x000000000000028e                uart_putchar
                0x00000000000002c0                uart_getchar
 .text          0x0000000000000496        0x0 /usr/lib/gcc/avr/11.2.0/avr5/libgcc.a(_exit.o)
 .text          0x0000000000000496        0x0 /usr/lib/gcc/avr/11.2.0/avr5/libgcc.a(_copy_data.o)
 .text          0x0000000000000496        0x0 /usr/lib/gcc/avr/11.2.0/avr5/libgcc.a(_clear_bss.o)
 .text          0x0000000000000496        0x0 /usr/lib/gcc/avr/11.2.0/../../../../avr/lib/avr5/libc.a(fputs.o)
 .text          0x0000000000000496        0x0 /usr/lib/gcc/avr/11.2.0/../../../../avr/lib/avr5/libc.a(iob.o)
 .text          0x0000000000000496        0x0 /usr/lib/gcc/avr/11.2.0/../../../../avr/lib/avr5/libc.a(printf_p.o)
 .text          0x0000000000000496        0x0 /usr/lib/gcc/avr/11.2.0/../../../../avr/lib/avr5/libc.a(vfprintf_std.o)
 .text          0x0000000000000496        0x0 /usr/lib/gcc/avr/11.2.0/../../../../avr/lib/avr5/libc.a(strnlen_P.o)
 .text          0x0000000000000496        0x0 /usr/lib/gcc/avr/11.2.0/../../../../avr/lib/avr5/libc.a(strnlen.o)
 .text          0x0000000000000496        0x0 /usr/lib/gcc/avr/11.2.0/../../../../avr/lib/avr5/libc.a(fputc.o)
 .text          0x0000000000000496        0x0 /usr/lib/gcc/avr/11.2.0/../../../../avr/lib/avr5/libc.a(ultoa_invert.o)
 .text          0x0000000000000496        0x0 /usr/lib/gcc/avr/11.2.0/avr5/libgcc.a(_prologue.o)
 .text          0x0000000000000496        0x0 /usr/lib/gcc/avr/11.2.0/avr5/libgcc.a(_epilogue.o)
                0x0000000000000496                . = ALIGN (0x2)
 *(.text.*)
 .text.startup  0x0000000000000496       0x68 obj/Release/keypad_demo.o
                0x0000000000000496                main
 .text.libgcc.mul
                0x00000000000004fe        0x0 /usr/lib/gcc/avr/11.2.0/avr5/libgcc.a(_exit.o)
 .text.libgcc.div
                0x00000000000004fe        0x0 /usr/lib/gcc/avr/11.2.0/avr5/libgcc.a(_exit.o)
 .text.libgcc   0x00000000000004fe        0x0 /usr/lib/gcc/avr/11.2.0/avr5/libgcc.a(_exit.o)
 .text.libgcc.prologue
                0x00000000000004fe        0x0 /usr/lib/gcc/avr/11.2.0/avr5/libgcc.a(_exit.o)
 .text.libgcc.builtins
                0x00000000000004fe        0x0 /usr/lib/gcc/avr/11.2.0/avr5/libgcc.a(_exit.o)
 .text.libgcc.fmul
                0x00000000000004fe        0x0 /usr/lib/gcc/avr/11.2.0/avr5/libgcc.a(_exit.o)
 .text.libgcc.fixed
                0x00000000000004fe        0x0 /usr/lib/gcc/avr/11.2.0/avr5/libgcc.a(_exit.o)
 .text.libgcc.mul
                0x00000000000004fe        0x0 /usr/lib/gcc/avr/11.2.0/avr5/libgcc.a(_copy_data.o)
 .text.libgcc.div
                0x00000000000004fe        0x0 /usr/lib/gcc/avr/11.2.0/avr5/libgcc.a(_copy_data.o)
 .text.libgcc   0x00000000000004fe        0x0 /usr/lib/gcc/avr/11.2.0/avr5/libgcc.a(_copy_data.o)
 .text.libgcc.prologue
                0x00000000000004fe        0x0 /usr/lib/gcc/avr/11.2.0/avr5/libgcc.a(_copy_data.o)
 .text.libgcc.builtins
                0x00000000000004fe        0x0 /usr/lib/gcc/avr/11.2.0/avr5/libgcc.a(_copy_data.o)
 .text.libgcc.fmul
                0x00000000000004fe        0x0 /usr/lib/gcc/avr/11.2.0/avr5/libgcc.a(_copy_data.o)
 .text.libgcc.fixed
                0x00000000000004fe        0x0 /usr/lib/gcc/avr/11.2.0/avr5/libgcc.a(_copy_data.o)
 .text.libgcc.mul
                0x00000000000004fe        0x0 /usr/lib/gcc/avr/11.2.0/avr5/libgcc.a(_clear_bss.o)
 .text.libgcc.div
                0x00000000000004fe        0x0 /usr/lib/gcc/avr/11.2.0/avr5/libgcc.a(_clear_bss.o)
 .text.libgcc   0x00000000000004fe        0x0 /usr/lib/gcc/avr/11.2.0/avr5/libgcc.a(_clear_bss.o)
 .text.libgcc.prologue
                0x00000000000004fe        0x0 /usr/lib/gcc/avr/11.2.0/avr5/libgcc.a(_clear_bss.o)
 .text.libgcc.builtins
                0x00000000000004fe        0x0 /usr/lib/gcc/avr/11.2.0/avr5/libgcc.a(_clear_bss.o)
 .text.libgcc.fmul
                0x00000000000004fe        0x0 /usr/lib/gcc/avr/11.2.0/avr5/libgcc.a(_clear_bss.o)
 .text.libgcc.fixed
                0x00000000000004fe        0x0 /usr/lib/gcc/avr/11.2.0/avr5/libgcc.a(_clear_bss.o)
 .text.avr-libc
                0x00000000000004fe       0x54 /usr/lib/gcc/avr/11.2.0/../../../../avr/lib/avr5/libc.a(fputs.o)
                0x00000000000004fe                fputs
 .text.avr-libc
                0x0000000000000552       0x4c /usr/lib/gcc/avr/11.2.0/../../../../avr/lib/avr5/libc.a(printf_p.o)
                0x0000000000000552                printf_P
 .text.avr-libc
                0x000000000000059e      0x3a6 /usr/lib/gcc/avr/11.2.0/../../../../avr/lib/avr5/libc.a(vfprintf_std.o)
                0x000000000000059e                vfprintf
 .text.avr-libc
                0x0000000000000944       0x16 /usr/lib/gcc/avr/11.2.0/../../../../avr/lib/avr5/libc.a(strnlen_P.o)
                0x0000000000000944                strnlen_P
 .text.avr-libc
                0x000000000000095a       0x16 /usr/lib/gcc/avr/11.2.0/../../../../avr/lib/avr5/libc.a(strnlen.o)
                0x000000000000095a                strnlen
 .text.avr-libc
                0x0000000000000970       0x60 /usr/lib/gcc/avr/11.2.0/../../../../avr/lib/avr5/libc.a(fputc.o)
                0x0000000000000970                fputc
 .text.avr-libc
                0x00000000000009d0       0xbc /usr/lib/gcc/avr/11.2.0/../../../../avr/lib/avr5/libc.a(ultoa_invert.o)
                0x00000000000009d0                __ultoa_invert
 .text.libgcc.mul
                0x0000000000000a8c        0x0 /usr/lib/gcc/avr/11.2.0/avr5/libgcc.a(_prologue.o)
 .text.libgcc.div
                0x0000000000000a8c        0x0 /usr/lib/gcc/avr/11.2.0/avr5/libgcc.a(_prologue.o)
 .text.libgcc   0x0000000000000a8c        0x0 /usr/lib/gcc/avr/11.2.0/avr5/libgcc.a(_prologue.o)
 .text.libgcc.prologue
                0x0000000000000a8c       0x38 /usr/lib/gcc/avr/11.2.0/avr5/libgcc.a(_prologue.o)
                0x0000000000000a8c                __prologue_saves__
 .text.libgcc.builtins
                0x0000000000000ac4        0x0 /usr/lib/gcc/avr/11.2.0/avr5/libgcc.a(_prologue.o)
 .text.libgcc.fmul
                0x0000000000000ac4        0x0 /usr/lib/gcc/avr/11.2.0/avr5/libgcc.a(_prologue.o)
 .text.libgcc.fixed
                0x0000000000000ac4        0x0 /usr/lib/gcc/avr/11.2.0/avr5/libgcc.a(_prologue.o)
 .text.libgcc.mul
                0x0000000000000ac4        0x0 /usr/lib/gcc/avr/11.2.0/avr5/libgcc.a(_epilogue.o)
 .text.libgcc.div
                0x0000000000000ac4        0x0 /usr/lib/gcc/avr/11.2.0/avr5/libgcc.a(_epilogue.o)
 .text.libgcc   0x0000000000000ac4        0x0 /usr/lib/gcc/avr/11.2.0/avr5/libgcc.a(_epilogue.o)
 .text.libgcc.prologue
                0x0000000000000ac4       0x36 /usr/lib/gcc/avr/11.2.0/avr5/libgcc.a(_epilogue.o)
                0x0000000000000ac4                __epilogue_restores__
 .text.libgcc.builtins
                0x0000000000000afa        0x0 /usr/lib/gcc/avr/11.2.0/avr5/libgcc.a(_epilogue.o)
 .text.libgcc.fmul
                0x0000000000000afa        0x0 /usr/lib/gcc/avr/11.2.0/avr5/libgcc.a(_epilogue.o)
 .text.libgcc.fixed
                0x0000000000000afa        0x0 /usr/lib/gcc/avr/11.2.0/avr5/libgcc.a(_epilogue.o)
                0x0000000000000afa                . = ALIGN (0x2)
 *(.fini9)
 .fini9         0x0000000000000afa        0x0 /usr/lib/gcc/avr/11.2.0/avr5/libgcc.a(_exit.o)
                0x0000000000000afa                exit
                0x0000000000000afa                _exit
 *(.fini9)
 *(.fini8)
 *(.fini8)
 *(.fini7)
 *(.fini7)
 *(.fini6)
 *(.fini6)
 *(.fini5)
 *(.fini5)
 *(.fini4)
 *(.fini4)
 *(.fini3)
 *(.fini3)
 *(.fini2)
 *(.fini2)
 *(.fini1)
 *(.fini1)
 *(.fini0)
 .fini0         0x0000000000000afa        0x4 /usr/lib/gcc/avr/11.2.0/avr5/libgcc.a(_exit.o)
 *(.fini0)
 *(.hightext)
 *(.hightext*)
 *(.progmemx.*)
                0x0000000000000afe                . = ALIGN (0x2)
 *(.jumptables)
 *(.jumptables*)
                0x0000000000000afe                _etext = .

.data           0x0000000000800060       0x1e load address 0x0000000000000afe
                0x0000000000800060                PROVIDE (__data_start = .)
 *(.data)
 .data          0x0000000000800060        0x0 /usr/lib/gcc/avr/11.2.0/../../../../avr/lib/avr5/crtatmega32.o
 .data          0x0000000000800060        0x2 obj/Release/keypad_4x4.o
                0x0000000000800061                pressed_key
 .data          0x0000000000800062        0xe obj/Release/keypad_demo.o
 .data          0x0000000000800070        0x0 obj/Release/uart.o
 .data          0x0000000000800070        0x0 /usr/lib/gcc/avr/11.2.0/avr5/libgcc.a(_exit.o)
 .data          0x0000000000800070        0x0 /usr/lib/gcc/avr/11.2.0/avr5/libgcc.a(_copy_data.o)
 .data          0x0000000000800070        0x0 /usr/lib/gcc/avr/11.2.0/avr5/libgcc.a(_clear_bss.o)
 .data          0x0000000000800070        0x0 /usr/lib/gcc/avr/11.2.0/../../../../avr/lib/avr5/libc.a(fputs.o)
 .data          0x0000000000800070        0x0 /usr/lib/gcc/avr/11.2.0/../../../../avr/lib/avr5/libc.a(iob.o)
 .data          0x0000000000800070        0x0 /usr/lib/gcc/avr/11.2.0/../../../../avr/lib/avr5/libc.a(printf_p.o)
 .data          0x0000000000800070        0x0 /usr/lib/gcc/avr/11.2.0/../../../../avr/lib/avr5/libc.a(vfprintf_std.o)
 .data          0x0000000000800070        0x0 /usr/lib/gcc/avr/11.2.0/../../../../avr/lib/avr5/libc.a(strnlen_P.o)
 .data          0x0000000000800070        0x0 /usr/lib/gcc/avr/11.2.0/../../../../avr/lib/avr5/libc.a(strnlen.o)
 .data          0x0000000000800070        0x0 /usr/lib/gcc/avr/11.2.0/../../../../avr/lib/avr5/libc.a(fputc.o)
 .data          0x0000000000800070        0x0 /usr/lib/gcc/avr/11.2.0/../../../../avr/lib/avr5/libc.a(ultoa_invert.o)
 .data          0x0000000000800070        0x0 /usr/lib/gcc/avr/11.2.0/avr5/libgcc.a(_prologue.o)
 .data          0x0000000000800070        0x0 /usr/lib/gcc/avr/11.2.0/avr5/libgcc.a(_epilogue.o)
 *(.data*)
 *(.gnu.linkonce.d*)
 *(.rodata)
 *(.rodata*)
 .rodata.str1.1
                0x0000000000800070        0x5 obj/Release/keypad_4x4.o
 .rodata.str1.1
                0x0000000000800075        0x8 obj/Release/uart.o
 *(.gnu.linkonce.r*)
                0x000000000080007e                . = ALIGN (0x2)
 *fill*         0x000000000080007d        0x1 
                0x000000000080007e                _edata = .
                0x000000000080007e                PROVIDE (__data_end = .)

.bss            0x000000000080007e       0xd5
                0x000000000080007e                PROVIDE (__bss_start = .)
 *(.bss)
 .bss           0x000000000080007e        0x0 /usr/lib/gcc/avr/11.2.0/../../../../avr/lib/avr5/crtatmega32.o
 .bss           0x000000000080007e        0x5 obj/Release/keypad_4x4.o
                0x000000000080007e                is_button_down
                0x000000000080007f                is_button_released
                0x0000000000800080                key_samples
 .bss           0x0000000000800083        0x0 obj/Release/keypad_demo.o
 .bss           0x0000000000800083       0xca obj/Release/uart.o
 .bss           0x000000000080014d        0x0 /usr/lib/gcc/avr/11.2.0/avr5/libgcc.a(_exit.o)
 .bss           0x000000000080014d        0x0 /usr/lib/gcc/avr/11.2.0/avr5/libgcc.a(_copy_data.o)
 .bss           0x000000000080014d        0x0 /usr/lib/gcc/avr/11.2.0/avr5/libgcc.a(_clear_bss.o)
 .bss           0x000000000080014d        0x0 /usr/lib/gcc/avr/11.2.0/../../../../avr/lib/avr5/libc.a(fputs.o)
 .bss           0x000000000080014d        0x6 /usr/lib/gcc/avr/11.2.0/../../../../avr/lib/avr5/libc.a(iob.o)
                0x000000000080014d                __iob
 .bss           0x0000000000800153        0x0 /usr/lib/gcc/avr/11.2.0/../../../../avr/lib/avr5/libc.a(printf_p.o)
 .bss           0x0000000000800153        0x0 /usr/lib/gcc/avr/11.2.0/../../../../avr/lib/avr5/libc.a(vfprintf_std.o)
 .bss           0x0000000000800153        0x0 /usr/lib/gcc/avr/11.2.0/../../../../avr/lib/avr5/libc.a(strnlen_P.o)
 .bss           0x0000000000800153        0x0 /usr/lib/gcc/avr/11.2.0/../../../../avr/lib/avr5/libc.a(strnlen.o)
 .bss           0x0000000000800153        0x0 /usr/lib/gcc/avr/11.2.0/../../../../avr/lib/avr5/libc.a(fputc.o)
 .bss           0x0000000000800153        0x0 /usr/lib/gcc/avr/11.2.0/../../../../avr/lib/avr5/libc.a(ultoa_invert.o)
 .bss           0x0000000000800153        0x0 /usr/lib/gcc/avr/11.2.0/avr5/libgcc.a(_prologue.o)
 .bss           0x0000000000800153        0x0 /usr/lib/gcc/avr/11.2.0/avr5/libgcc.a(_epilogue.o)
 *(.bss*)
 *(COMMON)
                0x0000000000800153                PROVIDE (__bss_end = .)
                0x0000000000000afe                __data_load_start = LOADADDR (.data)
                0x0000000000000b1c                __data_load_end = (__data_load_start + SIZEOF (.data))

.noinit         0x0000000000800153        0x0
                [!provide]                        PROVIDE (__noinit_start = .)
 *(.noinit .noinit.* .gnu.linkonce.n.*)
                [!provide]                        PROVIDE (__noinit_end = .)
                0x0000000000800153                _end = .
                [!provide]                        PROVIDE (__heap_start = .)

.eeprom         0x0000000000810000        0x0
 *(.eeprom*)
                0x0000000000810000                __eeprom_end = .

.fuse
 *(.fuse)
 *(.lfuse)
 *(.hfuse)
 *(.efuse)

.lock
 *(.lock*)

.signature
 *(.signature*)

.stab
 *(.stab)

.stabstr
 *(.stabstr)

.stab.excl
 *(.stab.excl)

.stab.exclstr
 *(.stab.exclstr)

.stab.index
 *(.stab.index)

.stab.indexstr
 *(.stab.indexstr)

.comment        0x0000000000000000       0x24
 *(.comment)
 .comment       0x0000000000000000       0x12 obj/Release/keypad_4x4.o
                                         0x13 (size before relaxing)
 .comment       0x0000000000000012       0x13 obj/Release/keypad_demo.o
 .comment       0x0000000000000012       0x13 obj/Release/uart.o
 .comment       0x0000000000000012       0x12 /usr/lib/gcc/avr/11.2.0/../../../../avr/lib/avr5/libc.a(fputs.o)
                                         0x13 (size before relaxing)
 .comment       0x0000000000000024       0x13 /usr/lib/gcc/avr/11.2.0/../../../../avr/lib/avr5/libc.a(iob.o)
 .comment       0x0000000000000024       0x13 /usr/lib/gcc/avr/11.2.0/../../../../avr/lib/avr5/libc.a(printf_p.o)
 .comment       0x0000000000000024       0x13 /usr/lib/gcc/avr/11.2.0/../../../../avr/lib/avr5/libc.a(vfprintf_std.o)
 .comment       0x0000000000000024       0x13 /usr/lib/gcc/avr/11.2.0/../../../../avr/lib/avr5/libc.a(fputc.o)

.note.gnu.avr.deviceinfo
                0x0000000000000000       0x3c
 .note.gnu.avr.deviceinfo
                0x0000000000000000       0x3c /usr/lib/gcc/avr/11.2.0/../../../../avr/lib/avr5/crtatmega32.o

.note.gnu.build-id
 *(.note.gnu.build-id)

.debug
 *(.debug)

.line
 *(.line)

.debug_srcinfo
 *(.debug_srcinfo)

.debug_sfnames
 *(.debug_sfnames)

.debug_aranges
 *(.debug_aranges)

.debug_pubnames
 *(.debug_pubnames)

.debug_info     0x0000000000000000      0x4e6
 *(.debug_info .gnu.linkonce.wi.*)
 .debug_info    0x0000000000000000      0x4e6 /usr/lib/gcc/avr/11.2.0/../../../../avr/lib/avr5/crtatmega32.o

.debug_abbrev   0x0000000000000000      0x4a3
 *(.debug_abbrev)
 .debug_abbrev  0x0000000000000000      0x4a3 /usr/lib/gcc/avr/11.2.0/../../../../avr/lib/avr5/crtatmega32.o

.debug_line     0x0000000000000000       0x1d
 *(.debug_line .debug_line.* .debug_line_end)
 .debug_line    0x0000000000000000       0x1d /usr/lib/gcc/avr/11.2.0/../../../../avr/lib/avr5/crtatmega32.o

.debug_frame
 *(.debug_frame)

.debug_str      0x0000000000000000      0x196
 *(.debug_str)
 .debug_str     0x0000000000000000      0x196 /usr/lib/gcc/avr/11.2.0/../../../../avr/lib/avr5/crtatmega32.o

.debug_loc
 *(.debug_loc)

.debug_macinfo
 *(.debug_macinfo)

.debug_weaknames
 *(.debug_weaknames)

.debug_funcnames
 *(.debug_funcnames)

.debug_typenames
 *(.debug_typenames)

.debug_varnames
 *(.debug_varnames)

.debug_pubtypes
 *(.debug_pubtypes)

.debug_ranges
 *(.debug_ranges)

.debug_addr
 *(.debug_addr)

.debug_line_str
 *(.debug_line_str)

.debug_loclists
 *(.debug_loclists)

.debug_macro
 *(.debug_macro)

.debug_names
 *(.debug_names)

.debug_rnglists
 *(.debug_rnglists)

.debug_str_offsets
 *(.debug_str_offsets)

.debug_sup
 *(.debug_sup)
OUTPUT(bin/Release/avr_keypad_4x4_lib.elf elf32-avr)
LOAD linker stubs

Cross Reference Table

Symbol                                            File
__bad_interrupt                                   /usr/lib/gcc/avr/11.2.0/../../../../avr/lib/avr5/crtatmega32.o
__bss_end                                         /usr/lib/gcc/avr/11.2.0/avr5/libgcc.a(_clear_bss.o)
__bss_start                                       /usr/lib/gcc/avr/11.2.0/avr5/libgcc.a(_clear_bss.o)
__data_end                                        /usr/lib/gcc/avr/11.2.0/avr5/libgcc.a(_copy_data.o)
__data_load_start                                 /usr/lib/gcc/avr/11.2.0/avr5/libgcc.a(_copy_data.o)
__data_start                                      /usr/lib/gcc/avr/11.2.0/avr5/libgcc.a(_copy_data.o)
__do_clear_bss                                    /usr/lib/gcc/avr/11.2.0/avr5/libgcc.a(_clear_bss.o)
                                                  /usr/lib/gcc/avr/11.2.0/../../../../avr/lib/avr5/libc.a(iob.o)
                                                  obj/Release/uart.o
                                                  obj/Release/keypad_4x4.o
__do_copy_data                                    /usr/lib/gcc/avr/11.2.0/avr5/libgcc.a(_copy_data.o)
                                                  obj/Release/uart.o
                                                  obj/Release/keypad_demo.o
                                                  obj/Release/keypad_4x4.o
__epilogue_restores__                             /usr/lib/gcc/avr/11.2.0/avr5/libgcc.a(_epilogue.o)
                                                  /usr/lib/gcc/avr/11.2.0/../../../../avr/lib/avr5/libc.a(vfprintf_std.o)
                                                  /usr/lib/gcc/avr/11.2.0/../../../../avr/lib/avr5/libc.a(printf_p.o)
                                                  /usr/lib/gcc/avr/11.2.0/../../../../avr/lib/avr5/libc.a(fputs.o)
__heap_end                                        /usr/lib/gcc/avr/11.2.0/../../../../avr/lib/avr5/crtatmega32.o
__init                                            /usr/lib/gcc/avr/11.2.0/../../../../avr/lib/avr5/crtatmega32.o
__iob                                             /usr/lib/gcc/avr/11.2.0/../../../../avr/lib/avr5/libc.a(iob.o)
                                                  /usr/lib/gcc/avr/11.2.0/../../../../avr/lib/avr5/libc.a(printf_p.o)
                                                  obj/Release/uart.o
                                                  obj/Release/keypad_demo.o
__prologue_saves__                                /usr/lib/gcc/avr/11.2.0/avr5/libgcc.a(_prologue.o)
                                                  /usr/lib/gcc/avr/11.2.0/../../../../avr/lib/avr5/libc.a(vfprintf_std.o)
                                                  /usr/lib/gcc/avr/11.2.0/../../../../avr/lib/avr5/libc.a(printf_p.o)
__stack                                           /usr/lib/gcc/avr/11.2.0/../../../../avr/lib/avr5/crtatmega32.o
__ultoa_invert                                    /usr/lib/gcc/avr/11.2.0/../../../../avr/lib/avr5/libc.a(ultoa_invert.o)
                                                  /usr/lib/gcc/avr/11.2.0/../../../../avr/lib/avr5/libc.a(vfprintf_std.o)
__vector_1                                        /usr/lib/gcc/avr/11.2.0/../../../../avr/lib/avr5/crtatmega32.o
__vector_10                                       obj/Release/keypad_demo.o
                                                  /usr/lib/gcc/avr/11.2.0/../../../../avr/lib/avr5/crtatmega32.o
__vector_11                                       /usr/lib/gcc/avr/11.2.0/../../../../avr/lib/avr5/crtatmega32.o
__vector_12                                       /usr/lib/gcc/avr/11.2.0/../../../../avr/lib/avr5/crtatmega32.o
__vector_13                                       /usr/lib/gcc/avr/11.2.0/../../../../avr/lib/avr5/crtatmega32.o
__vector_14                                       /usr/lib/gcc/avr/11.2.0/../../../../avr/lib/avr5/crtatmega32.o
__vector_15                                       /usr/lib/gcc/avr/11.2.0/../../../../avr/lib/avr5/crtatmega32.o
__vector_16                                       /usr/lib/gcc/avr/11.2.0/../../../../avr/lib/avr5/crtatmega32.o
__vector_17                                       /usr/lib/gcc/avr/11.2.0/../../../../avr/lib/avr5/crtatmega32.o
__vector_18                                       /usr/lib/gcc/avr/11.2.0/../../../../avr/lib/avr5/crtatmega32.o
__vector_19                                       /usr/lib/gcc/avr/11.2.0/../../../../avr/lib/avr5/crtatmega32.o
__vector_2                                        /usr/lib/gcc/avr/11.2.0/../../../../avr/lib/avr5/crtatmega32.o
__vector_20                                       /usr/lib/gcc/avr/11.2.0/../../../../avr/lib/avr5/crtatmega32.o
__vector_3                                        /usr/lib/gcc/avr/11.2.0/../../../../avr/lib/avr5/crtatmega32.o
__vector_4                                        /usr/lib/gcc/avr/11.2.0/../../../../avr/lib/avr5/crtatmega32.o
__vector_5                                        /usr/lib/gcc/avr/11.2.0/../../../../avr/lib/avr5/crtatmega32.o
__vector_6                                        /usr/lib/gcc/avr/11.2.0/../../../../avr/lib/avr5/crtatmega32.o
__vector_7                                        /usr/lib/gcc/avr/11.2.0/../../../../avr/lib/avr5/crtatmega32.o
__vector_8                                        /usr/lib/gcc/avr/11.2.0/../../../../avr/lib/avr5/crtatmega32.o
__vector_9                                        /usr/lib/gcc/avr/11.2.0/../../../../avr/lib/avr5/crtatmega32.o
__vector_default                                  /usr/lib/gcc/avr/11.2.0/../../../../avr/lib/avr5/crtatmega32.o
__vectors                                         /usr/lib/gcc/avr/11.2.0/../../../../avr/lib/avr5/crtatmega32.o
_exit                                             /usr/lib/gcc/avr/11.2.0/avr5/libgcc.a(_exit.o)
exit                                              /usr/lib/gcc/avr/11.2.0/avr5/libgcc.a(_exit.o)
                                                  /usr/lib/gcc/avr/11.2.0/../../../../avr/lib/avr5/crtatmega32.o
fputc                                             /usr/lib/gcc/avr/11.2.0/../../../../avr/lib/avr5/libc.a(fputc.o)
                                                  /usr/lib/gcc/avr/11.2.0/../../../../avr/lib/avr5/libc.a(vfprintf_std.o)
fputs                                             /usr/lib/gcc/avr/11.2.0/../../../../avr/lib/avr5/libc.a(fputs.o)
                                                  obj/Release/uart.o
invoke_sleep                                      obj/Release/keypad_demo.o
is_button_down                                    obj/Release/keypad_4x4.o
is_button_released                                obj/Release/keypad_4x4.o
key_samples                                       obj/Release/keypad_4x4.o
keypad_debounce                                   obj/Release/keypad_4x4.o
                                                  obj/Release/keypad_demo.o
keypad_font                                       obj/Release/keypad_4x4.o
keypad_getKey                                     obj/Release/keypad_4x4.o
                                                  obj/Release/keypad_demo.o
keypad_getc                                       obj/Release/keypad_4x4.o
keypad_init                                       obj/Release/keypad_4x4.o
                                                  obj/Release/keypad_demo.o
keypad_isNewKeyAvailable                          obj/Release/keypad_4x4.o
                                                  obj/Release/keypad_demo.o
keypad_read                                       obj/Release/keypad_4x4.o
keypad_translateKey                               obj/Release/keypad_4x4.o
                                                  obj/Release/keypad_demo.o
main                                              obj/Release/keypad_demo.o
                                                  /usr/lib/gcc/avr/11.2.0/../../../../avr/lib/avr5/crtatmega32.o
pressed_key                                       obj/Release/keypad_4x4.o
printf_P                                          /usr/lib/gcc/avr/11.2.0/../../../../avr/lib/avr5/libc.a(printf_p.o)
                                                  obj/Release/keypad_demo.o
strnlen                                           /usr/lib/gcc/avr/11.2.0/../../../../avr/lib/avr5/libc.a(strnlen.o)
                                                  /usr/lib/gcc/avr/11.2.0/../../../../avr/lib/avr5/libc.a(vfprintf_std.o)
strnlen_P                                         /usr/lib/gcc/avr/11.2.0/../../../../avr/lib/avr5/libc.a(strnlen_P.o)
                                                  /usr/lib/gcc/avr/11.2.0/../../../../avr/lib/avr5/libc.a(vfprintf_std.o)
uart_getchar                                      obj/Release/uart.o
                                                  obj/Release/keypad_demo.o
uart_init                                         obj/Release/uart.o
                                                  obj/Release/keypad_demo.o
uart_putchar                                      obj/Release/uart.o
                                                  obj/Release/keypad_demo.o
vfprintf                                          /usr/lib/gcc/avr/11.2.0/../../../../avr/lib/avr5/libc.a(vfprintf_std.o)
                                                  /usr/lib/gcc/avr/11.2.0/../../../../avr/lib/avr5/libc.a(printf_p.o)
